Starting notebook execution...
[Code 1] ID=79cbacf1-1793-400a-93be-98bf8f04934a |  import earthquake_oop as eq  # import shared helper module that centralizes opt...
       -> OK
[Code 2] ID=51694268-d60f-464b-834f-77194624f826 |  # Load the raw earthquake catalogue into a dataframe eq_df = pd.read_csv(DATA_D...
       -> OK
[Code 3] ID=c12df592-e80c-4410-b6b2-e9dace649f81 |  eq_df.describe()  # summarize numeric columns to understand ranges and central ...
       -> OK
[Code 4] ID=b6c96824-3365-4629-8a54-5e14b35325de |  eq_df.info()  # inspect data types and missing-value counts for each column ...
       -> OK
[Code 5] ID=364c2df2 |  eq_df["depth"].max()  # compute the maximum recorded earthquake depth ...
       -> OK
[Code 6] ID=ea2efc49-c3b8-4bff-840f-28beae31c90e |  # Finding the distribution of type of event type_counts = eq_df['type'].value_c...
       -> OK
[Code 7] ID=9b6f15ce-c7a2-4538-98fa-96a864f7edbe |  # Placeholder cell to indicate that the following blocks expose helper function...
       -> OK
[Code 8] ID=e1e86ef7 |  # Clean the dataset and check how its shape and structure change after cleaning...
       -> OK
[Code 9] ID=0cb6a771 |  # Create a visualizer instance for the cleaned dataset viz_clean = EarthquakeVi...
       -> OK
[Code 10] ID=7713d471 | plt = libs.plt  # grab matplotlib handle from shared libs  fig, ax = plt.subplot...
       -> OK
[Code 11] ID=a92ec9b6 |  # Engineered Feature Schema Summary # Apply feature engineering using the OOP c...
       -> OK
[Code 12] ID=b852a155 |  # Create a visualizer instance for the engineered dataset viz_feat = Earthquake...
       -> OK
[Code 13] ID=f8414ba2 | # Applying the Feature Engineering Pipelineprint("Applying feature engineering t...
       -> OK
[Code 14] ID=747f6e1f |  plt = libs.plt  # local alias to matplotlib for plotting np = libs.np  # numpy ...
       -> OK
[Code 15] ID=de19ec8c |  plt = libs.plt  # alias to matplotlib np = libs.np  # alias to numpy  mag_count...
       -> OK
[Code 16] ID=8cf41265 |  plt.figure(figsize=(9, 5))  # set canvas size for violin plot data = [featured_...
       -> OK
[Code 17] ID=17e2cae5 |  plt = libs.plt  # alias to matplotlib mpimg = libs.mpimg  # alias to matplotlib...
       -> OK
[Code 18] ID=d38173a1-31a8-497e-9969-30f35e63d794 |  print("Library availability (inline helper):")  # header for dependency status ...
       -> OK
[Code 19] ID=f8a26b62-d0e4-4ab3-8a8b-0cdaf17fd2f2 |  # Magnitude distribution segmented by depth categories conditions =[     (eq_df...
       -> OK
[Code 20] ID=d1d541b6-62f5-4dbb-b853-7e2a48e38864 |  # Depth Distribution (Histogram & Boxplot)  fig, axes = plt.subplots(1, 2, figs...
       -> OK
[Code 21] ID=9c2bcb8b-56f5-4dd5-b897-6f9f9b5f149f |  # Station count distributions  nst_data = eq_df['nst'].dropna()  # drop missing...
       -> OK
[Code 22] ID=0fc5790b-bc0e-4c9b-8090-636d6f9835d0 |  # Distance to the nearest station  dmin_data = eq_df['dmin'].dropna()  # remove...
       -> OK
[Code 23] ID=0f72d4cf-9283-45e4-b411-f5a5799fd0d4 |  # Temporal Frequency (Monthly / Daily Counts)  eq_df['time'] = pd.to_datetime(e...
       -> OK
[Code 24] ID=section8-1-code |  sns = libs.sns  # seaborn alias for plotting pd = libs.pd  # pandas alias for d...
       -> OK
[Code 25] ID=section8-2-code |  import sys, subprocess  # runtime helpers for optional installs/exports px = li...
Collecting kaleido
  Using cached kaleido-1.2.0-py3-none-any.whl.metadata (5.6 kB)
Collecting choreographer>=1.1.1 (from kaleido)
  Using cached choreographer-1.2.1-py3-none-any.whl.metadata (6.8 kB)
Collecting logistro>=1.0.8 (from kaleido)
  Using cached logistro-2.0.1-py3-none-any.whl.metadata (3.9 kB)
Collecting orjson>=3.10.15 (from kaleido)
